stm32f3xx_it.c:86:6:NMI_Handler	0	static
stm32f3xx_it.c:99:6:HardFault_Handler	0	static
stm32f3xx_it.c:114:6:MemManage_Handler	0	static
stm32f3xx_it.c:129:6:BusFault_Handler	0	static
stm32f3xx_it.c:144:6:UsageFault_Handler	0	static
stm32f3xx_it.c:159:6:SVC_Handler	0	static
stm32f3xx_it.c:172:6:DebugMon_Handler	0	static
stm32f3xx_it.c:185:6:PendSV_Handler	0	static
stm32f3xx_it.c:198:6:SysTick_Handler	0	static
stm32f3xx_it.c:219:6:EXTI9_5_IRQHandler	8	static
stm32f3xx_it.c:236:6:TIM6_DAC1_IRQHandler	8	static
stm32f3xx_it.c:251:6:TIM7_DAC2_IRQHandler	0	static
